  Determining projects to restore...
  All projects are up-to-date for restore.
  Gpt2Trainer -> /content/gpt2-small/bin/Debug/net8.0/Gpt2Trainer.dll
  Gpt2Trainer.Tests -> /content/gpt2-small/bin/test/Debug/net8.0/Gpt2Trainer.Tests.dll
Test run for /content/gpt2-small/bin/test/Debug/net8.0/Gpt2Trainer.Tests.dll (.NETCoreApp,Version=v8.0)
VSTest version 17.11.1 (x64)

Starting test execution, please wait...
A total of 1 test files matched the specified pattern.
/content/gpt2-small/bin/test/Debug/net8.0/Gpt2Trainer.Tests.dll
[xUnit.net 00:00:00.00] xUnit.net VSTest Adapter v2.8.2+699d445a1a (64-bit .NET 8.0.31)
[xUnit.net 00:00:00.17]   Discovering: Gpt2Trainer.Tests
[xUnit.net 00:00:00.28]   Discovered:  Gpt2Trainer.Tests
[xUnit.net 00:00:00.29]   Starting:    Gpt2Trainer.Tests
[xUnit.net 00:00:04.72]   Finished:    Gpt2Trainer.Tests
  Passed Gpt2Trainer.Tests.AdamWTests.BenchmarkOursAgainstTheBuiltInAdamW [4 s]
  Standard Output Messages:
 device CUDA, 148 parameter tensors, 8.9M values, 20 timed steps
 ours:          4.37 ms per step
 built-in:     36.35 ms per step
 ours is 8.31x the speed of the built-in



Test Run Successful.
Total tests: 1
     Passed: 1
 Total time: 6.6395 Seconds
