Test run for <temp>\Gpt2Trainer.Tests.dll (.NETCoreApp,Version=v8.0)
VSTest version 17.11.1 (x64)

Starting test execution, please wait...
A total of 1 test files matched the specified pattern.
<temp>\Gpt2Trainer.Tests.dll
[xUnit.net 00:00:00.00] xUnit.net VSTest Adapter v2.8.2+699d445a1a (64-bit .NET 8.0.31)
[xUnit.net 00:00:00.12]   Discovering: Gpt2Trainer.Tests
[xUnit.net 00:00:00.21]   Discovered:  Gpt2Trainer.Tests
[xUnit.net 00:00:00.21]   Starting:    Gpt2Trainer.Tests
[xUnit.net 00:00:03.37]   Finished:    Gpt2Trainer.Tests
  Passed Gpt2Trainer.Tests.AdamWTests.BenchmarkOursAgainstTheBuiltInAdamW [3 s]
  Standard Output Messages:
 device CPU, 148 parameter tensors, 8.9M values, 20 timed steps
 ours:         18.71 ms per step
 built-in:     40.85 ms per step
 ours is 2.18x the speed of the built-in



Test Run Successful.
Total tests: 1
     Passed: 1
 Total time: 4.7850 Seconds
